
> # File name: table2.R
> # In: 
> #   - /Data/survey_experiment_data.RData
> # Out: 
> #   - /Tables/table2.tex
> 
> rm(list = ls())

> gc()
          used  (Mb) gc trigger  (Mb) max used  (Mb)
Ncells 3403949 181.8    5356451 286.1  5356451 286.1
Vcells 6431451  49.1   29678256 226.5 37097814 283.1

> require(tidyverse)

> load('../Data/survey_experiment_data.RData')

> # Basic test: Does pessimistic treatment increase support for mainstream candidate?
> summary(main <- lm(scale(y) ~ z + factor(polAge) + factor(polOcc) + factor(polPlat) + 
+              factor(age) + factor(sex) + factor(hisp) + white + black + asian + factor(pid),
+              foranal %>%
+                filter(duration > 180) %>%
+                mutate(sex = factor(sex,levels = c("Neither male nor female describes me accurately OR prefer not to say","Female","Male")),
+                       polPlat = factor(polPlat,levels = c("none","hlth","educ")),
+                       pid = factor(pid,levels = c("Strong Democrat","Democrat","Lean Democrat","Independent","Lean Republican","Republican","Strong Republican")),
+                       covid_self = factor(covid_self,levels = c("No","Maybe","Yes")),
+                       covid_pers = factor(covid_pers,levels = c("No","Maybe","Yes")))))

Call:
lm(formula = scale(y) ~ z + factor(polAge) + factor(polOcc) + 
    factor(polPlat) + factor(age) + factor(sex) + factor(hisp) + 
    white + black + asian + factor(pid), data = foranal %>% filter(duration > 
    180) %>% mutate(sex = factor(sex, levels = c("Neither male nor female describes me accurately OR prefer not to say", 
    "Female", "Male")), polPlat = factor(polPlat, levels = c("none", 
    "hlth", "educ")), pid = factor(pid, levels = c("Strong Democrat", 
    "Democrat", "Lean Democrat", "Independent", "Lean Republican", 
    "Republican", "Strong Republican")), covid_self = factor(covid_self, 
    levels = c("No", "Maybe", "Yes")), covid_pers = factor(covid_pers, 
    levels = c("No", "Maybe", "Yes"))))

Residuals:
    Min      1Q  Median      3Q     Max 
-1.8199 -0.7367  0.0039  0.6563  2.1541 

Coefficients:
                             Estimate Std. Error t value Pr(>|t|)   
(Intercept)                   0.62463    0.60622   1.030  0.30414   
z                            -0.41371    0.13860  -2.985  0.00321 **
factor(polAge)48              0.25740    0.14025   1.835  0.06801 . 
factor(polOcc)Lawyer          0.14730    0.15660   0.941  0.34808   
factor(polPlat)hlth           0.03251    0.18338   0.177  0.85947   
factor(polPlat)educ          -0.18872    0.17438  -1.082  0.28051   
factor(age)26-35              0.28743    0.26965   1.066  0.28779   
factor(age)36-45              0.15307    0.28870   0.530  0.59657   
factor(age)46-55              0.33904    0.30916   1.097  0.27416   
factor(age)56-65              0.03075    0.31625   0.097  0.92263   
factor(age)Above 65           0.47042    0.43714   1.076  0.28321   
factor(sex)Male               0.09325    0.14682   0.635  0.52610   
factor(hisp)Yes              -0.05393    0.24007  -0.225  0.82249   
white                        -0.68076    0.52575  -1.295  0.19693   
black                        -0.93385    0.56194  -1.662  0.09818 . 
asian                        -0.54284    0.50145  -1.083  0.28037   
factor(pid)Democrat          -0.11432    0.21567  -0.530  0.59669   
factor(pid)Lean Democrat     -0.24507    0.26452  -0.926  0.35537   
factor(pid)Independent        0.21065    0.22660   0.930  0.35375   
factor(pid)Lean Republican   -0.44071    0.28030  -1.572  0.11753   
factor(pid)Republican        -0.44888    0.26072  -1.722  0.08674 . 
factor(pid)Strong Republican -0.42817    0.28179  -1.519  0.13030   
---
Signif. codes:  0 ‘***’ 0.001 ‘**’ 0.01 ‘*’ 0.05 ‘.’ 0.1 ‘ ’ 1

Residual standard error: 0.9727 on 192 degrees of freedom
Multiple R-squared:  0.1472,	Adjusted R-squared:  0.05393 
F-statistic: 1.578 on 21 and 192 DF,  p-value: 0.05785


> summary(biv <- lm(yBin ~ z,
+                    foranal %>%
+                      filter(duration > 0) %>%
+                      mutate(sex = factor(sex,levels = c("Neither male nor female describes me accurately OR prefer not to say","Female","Male")),
+                             polPlat = factor(polPlat,levels = c("none","hlth","educ")),
+                             pid = factor(pid,levels = c("Strong Democrat","Democrat","Lean Democrat","Independent","Lean Republican","Republican","Strong Republican")),
+                             covid_self = factor(covid_self,levels = c("No","Maybe","Yes")),
+                             covid_pers = factor(covid_pers,levels = c("No","Maybe","Yes")))))

Call:
lm(formula = yBin ~ z, data = foranal %>% filter(duration > 0) %>% 
    mutate(sex = factor(sex, levels = c("Neither male nor female describes me accurately OR prefer not to say", 
        "Female", "Male")), polPlat = factor(polPlat, levels = c("none", 
        "hlth", "educ")), pid = factor(pid, levels = c("Strong Democrat", 
        "Democrat", "Lean Democrat", "Independent", "Lean Republican", 
        "Republican", "Strong Republican")), covid_self = factor(covid_self, 
        levels = c("No", "Maybe", "Yes")), covid_pers = factor(covid_pers, 
        levels = c("No", "Maybe", "Yes"))))

Residuals:
    Min      1Q  Median      3Q     Max 
-0.4924 -0.4924 -0.4185  0.5076  0.5815 

Coefficients:
            Estimate Std. Error t value Pr(>|t|)    
(Intercept)  0.49240    0.02742  17.955   <2e-16 ***
z           -0.07394    0.03890  -1.901   0.0578 .  
---
Signif. codes:  0 ‘***’ 0.001 ‘**’ 0.01 ‘*’ 0.05 ‘.’ 0.1 ‘ ’ 1

Residual standard error: 0.4974 on 652 degrees of freedom
Multiple R-squared:  0.00551,	Adjusted R-squared:  0.003985 
F-statistic: 3.613 on 1 and 652 DF,  p-value: 0.05779


> summary(ind <- lm(yBin ~ z + 
+                     factor(age) + factor(sex) + factor(hisp) + white + black + asian + factor(pid),
+                   foranal %>%
+                     filter(duration > 0) %>%
+                     mutate(sex = factor(sex,levels = c("Neither male nor female describes me accurately OR prefer not to say","Female","Male")),
+                            polPlat = factor(polPlat,levels = c("none","hlth","educ")),
+                            pid = factor(pid,levels = c("Strong Democrat","Democrat","Lean Democrat","Independent","Lean Republican","Republican","Strong Republican")),
+                            covid_self = factor(covid_self,levels = c("No","Maybe","Yes")),
+                            covid_pers = factor(covid_pers,levels = c("No","Maybe","Yes")))))

Call:
lm(formula = yBin ~ z + factor(age) + factor(sex) + factor(hisp) + 
    white + black + asian + factor(pid), data = foranal %>% filter(duration > 
    0) %>% mutate(sex = factor(sex, levels = c("Neither male nor female describes me accurately OR prefer not to say", 
    "Female", "Male")), polPlat = factor(polPlat, levels = c("none", 
    "hlth", "educ")), pid = factor(pid, levels = c("Strong Democrat", 
    "Democrat", "Lean Democrat", "Independent", "Lean Republican", 
    "Republican", "Strong Republican")), covid_self = factor(covid_self, 
    levels = c("No", "Maybe", "Yes")), covid_pers = factor(covid_pers, 
    levels = c("No", "Maybe", "Yes"))))

Residuals:
    Min      1Q  Median      3Q     Max 
-0.7892 -0.4541 -0.1898  0.4621  0.8972 

Coefficients:
                             Estimate Std. Error t value Pr(>|t|)    
(Intercept)                   0.46307    0.30510   1.518 0.129574    
z                            -0.07847    0.03795  -2.068 0.039086 *  
factor(age)26-35              0.04716    0.07705   0.612 0.540677    
factor(age)36-45             -0.03965    0.08110  -0.489 0.625024    
factor(age)46-55              0.14549    0.08921   1.631 0.103413    
factor(age)56-65             -0.11011    0.09330  -1.180 0.238346    
factor(age)Above 65          -0.06577    0.13274  -0.496 0.620415    
factor(sex)Female             0.20423    0.28552   0.715 0.474682    
factor(sex)Male               0.25188    0.28506   0.884 0.377238    
factor(hisp)Yes              -0.02748    0.06564  -0.419 0.675606    
white                        -0.07121    0.10754  -0.662 0.508106    
black                        -0.03884    0.11683  -0.332 0.739681    
asian                        -0.08927    0.11721  -0.762 0.446545    
factor(pid)Democrat          -0.13270    0.06059  -2.190 0.028879 *  
factor(pid)Lean Democrat     -0.04652    0.07154  -0.650 0.515777    
factor(pid)Independent       -0.07091    0.06302  -1.125 0.260925    
factor(pid)Lean Republican   -0.31064    0.07961  -3.902 0.000106 ***
factor(pid)Republican        -0.38322    0.07363  -5.205 2.62e-07 ***
factor(pid)Strong Republican -0.29386    0.08106  -3.625 0.000312 ***
---
Signif. codes:  0 ‘***’ 0.001 ‘**’ 0.01 ‘*’ 0.05 ‘.’ 0.1 ‘ ’ 1

Residual standard error: 0.4807 on 635 degrees of freedom
Multiple R-squared:  0.09549,	Adjusted R-squared:  0.06985 
F-statistic: 3.724 on 18 and 635 DF,  p-value: 3.725e-07


> summary(indcov <- lm(yBin ~ z + 
+                     factor(age) + factor(sex) + factor(hisp) + white + black + asian + factor(pid),
+                   foranal %>%
+                     filter(duration > 0) %>%
+                     mutate(sex = factor(sex,levels = c("Neither male nor female describes me accurately OR prefer not to say","Female","Male")),
+                            polPlat = factor(polPlat,levels = c("none","hlth","educ")),
+                            pid = factor(pid,levels = c("Strong Democrat","Democrat","Lean Democrat","Independent","Lean Republican","Republican","Strong Republican")),
+                            covid_self = factor(covid_self,levels = c("No","Maybe","Yes")),
+                            covid_pers = factor(covid_pers,levels = c("No","Maybe","Yes")))))

Call:
lm(formula = yBin ~ z + factor(age) + factor(sex) + factor(hisp) + 
    white + black + asian + factor(pid), data = foranal %>% filter(duration > 
    0) %>% mutate(sex = factor(sex, levels = c("Neither male nor female describes me accurately OR prefer not to say", 
    "Female", "Male")), polPlat = factor(polPlat, levels = c("none", 
    "hlth", "educ")), pid = factor(pid, levels = c("Strong Democrat", 
    "Democrat", "Lean Democrat", "Independent", "Lean Republican", 
    "Republican", "Strong Republican")), covid_self = factor(covid_self, 
    levels = c("No", "Maybe", "Yes")), covid_pers = factor(covid_pers, 
    levels = c("No", "Maybe", "Yes"))))

Residuals:
    Min      1Q  Median      3Q     Max 
-0.7892 -0.4541 -0.1898  0.4621  0.8972 

Coefficients:
                             Estimate Std. Error t value Pr(>|t|)    
(Intercept)                   0.46307    0.30510   1.518 0.129574    
z                            -0.07847    0.03795  -2.068 0.039086 *  
factor(age)26-35              0.04716    0.07705   0.612 0.540677    
factor(age)36-45             -0.03965    0.08110  -0.489 0.625024    
factor(age)46-55              0.14549    0.08921   1.631 0.103413    
factor(age)56-65             -0.11011    0.09330  -1.180 0.238346    
factor(age)Above 65          -0.06577    0.13274  -0.496 0.620415    
factor(sex)Female             0.20423    0.28552   0.715 0.474682    
factor(sex)Male               0.25188    0.28506   0.884 0.377238    
factor(hisp)Yes              -0.02748    0.06564  -0.419 0.675606    
white                        -0.07121    0.10754  -0.662 0.508106    
black                        -0.03884    0.11683  -0.332 0.739681    
asian                        -0.08927    0.11721  -0.762 0.446545    
factor(pid)Democrat          -0.13270    0.06059  -2.190 0.028879 *  
factor(pid)Lean Democrat     -0.04652    0.07154  -0.650 0.515777    
factor(pid)Independent       -0.07091    0.06302  -1.125 0.260925    
factor(pid)Lean Republican   -0.31064    0.07961  -3.902 0.000106 ***
factor(pid)Republican        -0.38322    0.07363  -5.205 2.62e-07 ***
factor(pid)Strong Republican -0.29386    0.08106  -3.625 0.000312 ***
---
Signif. codes:  0 ‘***’ 0.001 ‘**’ 0.01 ‘*’ 0.05 ‘.’ 0.1 ‘ ’ 1

Residual standard error: 0.4807 on 635 degrees of freedom
Multiple R-squared:  0.09549,	Adjusted R-squared:  0.06985 
F-statistic: 3.724 on 18 and 635 DF,  p-value: 3.725e-07


> summary(full <- lm(yBin ~ z + 
+                        factor(age) + factor(sex) + factor(hisp) + white + black + asian + factor(pid) + 
+                      factor(polAge) + factor(polOcc) + factor(polPlat),
+                      foranal %>%
+                        filter(duration > 0) %>%
+                        mutate(sex = factor(sex,levels = c("Neither male nor female describes me accurately OR prefer not to say","Female","Male")),
+                               polPlat = factor(polPlat,levels = c("none","hlth","educ")),
+                               pid = factor(pid,levels = c("Strong Democrat","Democrat","Lean Democrat","Independent","Lean Republican","Republican","Strong Republican")),
+                               covid_self = factor(covid_self,levels = c("No","Maybe","Yes")),
+                               covid_pers = factor(covid_pers,levels = c("No","Maybe","Yes")))))

Call:
lm(formula = yBin ~ z + factor(age) + factor(sex) + factor(hisp) + 
    white + black + asian + factor(pid) + factor(polAge) + factor(polOcc) + 
    factor(polPlat), data = foranal %>% filter(duration > 0) %>% 
    mutate(sex = factor(sex, levels = c("Neither male nor female describes me accurately OR prefer not to say", 
        "Female", "Male")), polPlat = factor(polPlat, levels = c("none", 
        "hlth", "educ")), pid = factor(pid, levels = c("Strong Democrat", 
        "Democrat", "Lean Democrat", "Independent", "Lean Republican", 
        "Republican", "Strong Republican")), covid_self = factor(covid_self, 
        levels = c("No", "Maybe", "Yes")), covid_pers = factor(covid_pers, 
        levels = c("No", "Maybe", "Yes"))))

Residuals:
    Min      1Q  Median      3Q     Max 
-0.7520 -0.4362 -0.1523  0.4433  0.9590 

Coefficients:
                             Estimate Std. Error t value Pr(>|t|)    
(Intercept)                   0.39932    0.30580   1.306 0.192089    
z                            -0.08240    0.03768  -2.187 0.029106 *  
factor(age)26-35              0.06248    0.07650   0.817 0.414345    
factor(age)36-45             -0.03903    0.08059  -0.484 0.628319    
factor(age)46-55              0.14385    0.08854   1.625 0.104722    
factor(age)56-65             -0.11630    0.09256  -1.257 0.209399    
factor(age)Above 65          -0.08363    0.13175  -0.635 0.525837    
factor(sex)Female             0.21354    0.28350   0.753 0.451595    
factor(sex)Male               0.26630    0.28318   0.940 0.347383    
factor(hisp)Yes              -0.04903    0.06546  -0.749 0.454154    
white                        -0.05746    0.10687  -0.538 0.591035    
black                        -0.01804    0.11621  -0.155 0.876720    
asian                        -0.08463    0.11630  -0.728 0.467106    
factor(pid)Democrat          -0.13291    0.06014  -2.210 0.027468 *  
factor(pid)Lean Democrat     -0.05393    0.07099  -0.760 0.447681    
factor(pid)Independent       -0.07014    0.06248  -1.122 0.262083    
factor(pid)Lean Republican   -0.32913    0.07905  -4.163 3.57e-05 ***
factor(pid)Republican        -0.38493    0.07310  -5.266 1.91e-07 ***
factor(pid)Strong Republican -0.29560    0.08044  -3.675 0.000258 ***
factor(polAge)48              0.04607    0.03805   1.211 0.226433    
factor(polOcc)Lawyer         -0.01316    0.04208  -0.313 0.754577    
factor(polPlat)hlth           0.14146    0.05061   2.795 0.005344 ** 
factor(polPlat)educ          -0.05266    0.04700  -1.120 0.262964    
---
Signif. codes:  0 ‘***’ 0.001 ‘**’ 0.01 ‘*’ 0.05 ‘.’ 0.1 ‘ ’ 1

Residual standard error: 0.4764 on 631 degrees of freedom
Multiple R-squared:  0.1171,	Adjusted R-squared:  0.08635 
F-statistic: 3.805 on 22 and 631 DF,  p-value: 1.724e-08


> summary(attentive <- lm(yBin ~ z + 
+                      factor(age) + factor(sex) + factor(hisp) + white + black + asian + factor(pid) + 
+                      factor(polAge) + factor(polOcc) + factor(polPlat),
+                    foranal %>%
+                      filter(duration > 150) %>%
+                      mutate(sex = factor(sex,levels = c("Neither male nor female describes me accurately OR prefer not to say","Female","Male")),
+                             polPlat = factor(polPlat,levels = c("none","hlth","educ")),
+                             pid = factor(pid,levels = c("Strong Democrat","Democrat","Lean Democrat","Independent","Lean Republican","Republican","Strong Republican")),
+                             covid_self = factor(covid_self,levels = c("No","Maybe","Yes")),
+                             covid_pers = factor(covid_pers,levels = c("No","Maybe","Yes")))))

Call:
lm(formula = yBin ~ z + factor(age) + factor(sex) + factor(hisp) + 
    white + black + asian + factor(pid) + factor(polAge) + factor(polOcc) + 
    factor(polPlat), data = foranal %>% filter(duration > 150) %>% 
    mutate(sex = factor(sex, levels = c("Neither male nor female describes me accurately OR prefer not to say", 
        "Female", "Male")), polPlat = factor(polPlat, levels = c("none", 
        "hlth", "educ")), pid = factor(pid, levels = c("Strong Democrat", 
        "Democrat", "Lean Democrat", "Independent", "Lean Republican", 
        "Republican", "Strong Republican")), covid_self = factor(covid_self, 
        levels = c("No", "Maybe", "Yes")), covid_pers = factor(covid_pers, 
        levels = c("No", "Maybe", "Yes"))))

Residuals:
    Min      1Q  Median      3Q     Max 
-0.7945 -0.4256 -0.1048  0.4320  0.9278 

Coefficients:
                              Estimate Std. Error t value Pr(>|t|)   
(Intercept)                   0.731444   0.526699   1.389  0.16617   
z                            -0.181594   0.061216  -2.966  0.00331 **
factor(age)26-35              0.205411   0.126842   1.619  0.10664   
factor(age)36-45              0.143473   0.133431   1.075  0.28331   
factor(age)46-55              0.259522   0.140773   1.844  0.06645 . 
factor(age)56-65              0.081233   0.146188   0.556  0.57894   
factor(age)Above 65           0.161091   0.183915   0.876  0.38194   
factor(sex)Female            -0.363757   0.532627  -0.683  0.49528   
factor(sex)Male              -0.254624   0.534337  -0.477  0.63413   
factor(hisp)Yes              -0.029049   0.105755  -0.275  0.78379   
white                         0.014426   0.163053   0.088  0.92957   
black                        -0.002999   0.182189  -0.016  0.98688   
asian                        -0.005123   0.174299  -0.029  0.97658   
factor(pid)Democrat          -0.076410   0.098151  -0.778  0.43702   
factor(pid)Lean Democrat      0.031564   0.111667   0.283  0.77767   
factor(pid)Independent        0.083071   0.104005   0.799  0.42522   
factor(pid)Lean Republican   -0.307680   0.122829  -2.505  0.01289 * 
factor(pid)Republican        -0.244002   0.118297  -2.063  0.04020 * 
factor(pid)Strong Republican -0.121310   0.130879  -0.927  0.35489   
factor(polAge)48              0.006518   0.061092   0.107  0.91512   
factor(polOcc)Lawyer          0.115427   0.070857   1.629  0.10459   
factor(polPlat)hlth           0.025473   0.083553   0.305  0.76072   
factor(polPlat)educ          -0.108341   0.077432  -1.399  0.16302   
---
Signif. codes:  0 ‘***’ 0.001 ‘**’ 0.01 ‘*’ 0.05 ‘.’ 0.1 ‘ ’ 1

Residual standard error: 0.4821 on 246 degrees of freedom
Multiple R-squared:  0.1473,	Adjusted R-squared:  0.07101 
F-statistic: 1.931 on 22 and 246 DF,  p-value: 0.008825


> require(stargazer)

> stargazer(biv,ind,full,attentive,keep.stat = c("n","rsq"),keep = "pid|covid|z",
+           covariate.labels = c("Anxiety Prime","Democrat","Lean Dem","Independent","Lean GOP","Republican","Strong GOP"),
+           star.char = c('\\dag','*','**','***'),
+           star.cutoffs = c(.1,.05,.01,.001),
+           out = "../Tables/table2.tex")

% Table created by stargazer v.5.2.2 by Marek Hlavac, Harvard University. E-mail: hlavac at fas.harvard.edu
% Date and time: Thu, Jun 17, 2021 - 12:52:31 AM
\begin{table}[!htbp] \centering 
  \caption{} 
  \label{} 
\begin{tabular}{@{\extracolsep{5pt}}lcccc} 
\\[-1.8ex]\hline 
\hline \\[-1.8ex] 
 & \multicolumn{4}{c}{\textit{Dependent variable:}} \\ 
\cline{2-5} 
\\[-1.8ex] & \multicolumn{4}{c}{yBin} \\ 
\\[-1.8ex] & (1) & (2) & (3) & (4)\\ 
\hline \\[-1.8ex] 
 Anxiety Prime & $-$0.074$^{\dag}$ & $-$0.078$^{*}$ & $-$0.082$^{*}$ & $-$0.182$^{**}$ \\ 
  & (0.039) & (0.038) & (0.038) & (0.061) \\ 
  & & & & \\ 
 Democrat &  & $-$0.133$^{*}$ & $-$0.133$^{*}$ & $-$0.076 \\ 
  &  & (0.061) & (0.060) & (0.098) \\ 
  & & & & \\ 
 Lean Dem &  & $-$0.047 & $-$0.054 & 0.032 \\ 
  &  & (0.072) & (0.071) & (0.112) \\ 
  & & & & \\ 
 Independent &  & $-$0.071 & $-$0.070 & 0.083 \\ 
  &  & (0.063) & (0.062) & (0.104) \\ 
  & & & & \\ 
 Lean GOP &  & $-$0.311$^{***}$ & $-$0.329$^{***}$ & $-$0.308$^{*}$ \\ 
  &  & (0.080) & (0.079) & (0.123) \\ 
  & & & & \\ 
 Republican &  & $-$0.383$^{***}$ & $-$0.385$^{***}$ & $-$0.244$^{*}$ \\ 
  &  & (0.074) & (0.073) & (0.118) \\ 
  & & & & \\ 
 Strong GOP &  & $-$0.294$^{***}$ & $-$0.296$^{***}$ & $-$0.121 \\ 
  &  & (0.081) & (0.080) & (0.131) \\ 
  & & & & \\ 
\hline \\[-1.8ex] 
Observations & 654 & 654 & 654 & 269 \\ 
R$^{2}$ & 0.006 & 0.095 & 0.117 & 0.147 \\ 
\hline 
\hline \\[-1.8ex] 
\textit{Note:}  & \multicolumn{4}{r}{$^{*}$p$<$0.1; $^{**}$p$<$0.05; $^{***}$p$<$0.01} \\ 
\end{tabular} 
\end{table} 
